// Jest Snapshot v1, https://jestjs.io/docs/snapshot-testing

exports[`Home renders homepage unchanged 1`] = `<div />`;
